// Jest Snapshot v1, https://goo.gl/fbAQLP

exports[`It should render ArticleContent component correctly 1`] = `
<div
  className="content"
  dangerouslySetInnerHTML={
    Object {
      "__html": "<div>天氣不錯</div>",
    }
  }
/>
`;
