// Jest Snapshot v1, https://goo.gl/fbAQLP

exports[`It should render SiteInfo component correctly 1`] = `
<section
  className="siteInfo"
>
  <article>
    <header>
      <h1>
        <a
          onClick={[Function]}
          style={Object {}}
        >
          網站資訊
        </a>
      </h1>
    </header>
    <table>
      <tbody>
        <tr>
          <td>
            網站更新時間：
          </td>
          <td>
            2017-04-08 12:01:57.198000
          </td>
        </tr>
        <tr>
          <td>
            前端版本：
          </td>
          <td>
            master (3f5eb304b501ea2b5437ed6c4612bbc66077b7b8)
          </td>
        </tr>
        <tr>
          <td>
            後端版本：
          </td>
          <td>
            develop (81ccde3550325c06a10b6acce75b4df529955472)
          </td>
        </tr>
      </tbody>
    </table>
  </article>
</section>
`;
