// Jest Snapshot v1, https://goo.gl/fbAQLP

exports[`It should render Footer component correctly 1`] = `
<div
  className="root"
>
  <div
    className="copyright"
  >
    Copyright © 2017 - 兩大類
  </div>
</div>
`;
