// Jest Snapshot v1, https://goo.gl/fbAQLP

exports[`It should render Loading component correctly 1`] = `
<div
  className="root"
>
  <div
    className="loadingImage twister"
  />
  <div
    className="message"
  >
    正在努力讀取中…
  </div>
</div>
`;
