// Jest Snapshot v1, https://goo.gl/fbAQLP

exports[`It should render Page component correctly 1`] = `
<section
  className="page"
>
  <article>
    <div>
      <header>
        <h1>
          <a
            onClick={[Function]}
            style={Object {}}
          >
            title
          </a>
        </h1>
      </header>
    </div>
    <div
      className="content"
      dangerouslySetInnerHTML={
        Object {
          "__html": "<div>今天天氣不錯</div>",
        }
      }
    />
  </article>
</section>
`;

exports[`It should render Page component with empty articles correctly 1`] = `
<section
  className="page"
>
  <div
    className="root"
  >
    <div
      className="loadingImage twister"
    />
    <div
      className="message"
    >
      正在努力讀取中…
    </div>
  </div>
</section>
`;
