// Jest Snapshot v1, https://goo.gl/fbAQLP

exports[`It should render Content component correctly 1`] = `
<div
  className="root"
>
  <div>
    今天天氣不錯
  </div>
</div>
`;
